// Jest Snapshot v1, https://goo.gl/fbAQLP

exports[`pruebas en <GifGird/> debe mostrar correctamente  1`] = `
<Fragment>
  <h3
    className="animate__animated animate__fadeIn"
  >
     
    One Punch
  </h3>
  <p
    className="animate__animated animate__flash"
  >
    loading...
  </p>
  <div
    className="Card-grid"
  />
</Fragment>
`;
